DEBUG: tests/darray_algos_tests.c: main:77: ----- RUNNING: ./tests/darray_algos_tests
DEBUG: tests/darray_algos_tests.c: all_tests:70: 
----- test_qsort
DEBUG: tests/darray_algos_tests.c: run_sort_test:40: --- Testing qsort sorting algorithm
DEBUG: tests/darray_algos_tests.c: run_sort_test:43: After sorting: 
DEBUG: tests/darray_algos_tests.c: all_tests:71: 
----- test_heapsort
DEBUG: tests/darray_algos_tests.c: run_sort_test:40: --- Testing heapsort sorting algorithm
DEBUG: tests/darray_algos_tests.c: run_sort_test:43: After sorting: 
DEBUG: tests/darray_tests.c: main:125: ----- RUNNING: ./tests/darray_tests
DEBUG: tests/darray_tests.c: all_tests:113: 
----- test_create
DEBUG: tests/darray_tests.c: all_tests:114: 
----- test_new
DEBUG: tests/darray_tests.c: all_tests:115: 
----- test_set
DEBUG: tests/darray_tests.c: all_tests:116: 
----- test_get
DEBUG: tests/darray_tests.c: all_tests:117: 
----- test_remove
DEBUG: tests/darray_tests.c: all_tests:118: 
----- test_expand_contract
DEBUG: tests/darray_tests.c: all_tests:119: 
----- test_push_pop
DEBUG: tests/darray_tests.c: all_tests:120: 
----- test_destroy
DEBUG: tests/hashmap_tests.c: main:119: ----- RUNNING: ./tests/hashmap_tests
DEBUG: tests/hashmap_tests.c: all_tests:110: 
----- test_create
DEBUG: tests/hashmap_tests.c: all_tests:111: 
----- test_get_set
DEBUG: src/lcthw/hashmap.c: Hashmap_get_node:137: TRY: 0
DEBUG: src/lcthw/hashmap.c: Hashmap_get_node:137: TRY: 0
DEBUG: src/lcthw/hashmap.c: Hashmap_get_node:137: TRY: 0
DEBUG: tests/hashmap_tests.c: all_tests:112: 
----- test_traverse
DEBUG: tests/hashmap_tests.c: traverse_good_cb:17: KEY: test data 3
DEBUG: tests/hashmap_tests.c: traverse_good_cb:17: KEY: test data 1
DEBUG: tests/hashmap_tests.c: traverse_good_cb:17: KEY: test data 2
DEBUG: tests/hashmap_tests.c: traverse_fail_cb:24: KEY: test data 3
DEBUG: tests/hashmap_tests.c: traverse_fail_cb:24: KEY: test data 1
DEBUG: tests/hashmap_tests.c: all_tests:113: 
----- test_delete
DEBUG: src/lcthw/hashmap.c: Hashmap_get_node:137: TRY: 0
DEBUG: src/lcthw/hashmap.c: Hashmap_get_node:137: TRY: 0
DEBUG: src/lcthw/hashmap.c: Hashmap_get_node:137: TRY: 0
DEBUG: tests/hashmap_tests.c: all_tests:114: 
----- test_destroy
DEBUG: tests/list_algos_tests.c: main:87: ----- RUNNING: ./tests/list_algos_tests
DEBUG: tests/list_algos_tests.c: all_tests:81: 
----- test_bubble_sort
DEBUG: tests/list_algos_tests.c: all_tests:82: 
----- test_merge_sort
DEBUG: tests/list_tests.c: main:105: ----- RUNNING: ./tests/list_tests
DEBUG: tests/list_tests.c: all_tests:95: 
----- test_create
DEBUG: tests/list_tests.c: all_tests:96: 
----- test_push_pop
DEBUG: tests/list_tests.c: all_tests:97: 
----- test_unshift
DEBUG: tests/list_tests.c: all_tests:98: 
----- test_remove
DEBUG: tests/list_tests.c: all_tests:99: 
----- test_shift
DEBUG: tests/list_tests.c: all_tests:100: 
----- test_destroy
DEBUG: tests/radixmap_tests.c: main:97: ----- RUNNING: ./tests/radixmap_tests
DEBUG: tests/radixmap_tests.c: all_tests:92: 
----- test_operations
